Freq(MHz)	Mod (kbps)	file size (Bytes)	Datlen		time(s)
915		500		612856			0x3d		57.908
868		500		612856			0x3d		57.983
434		500		612856			0x3d		57.994
315		500		612856			0x3d		57.991
915		500		612856			0x3d		57.981
915		500		612856			0x3d		56.464
